2026-07-02 14:22:23.029121 - Starting OCR for file: ee2d622a-abc6-4fbd-9415-6efa0a7da97a.jpg
2026-07-02 14:22:24.686716 - Starting model initialization...
2026-07-02 14:22:35.296362 - Model initialization successful!
2026-07-02 14:22:56.857134 - OCR completed. Merchant: BIG MART
2026-07-02 14:31:11.124832 - Starting OCR for file: e61178ba-c6df-4034-aad8-50d5e4806072.jpg
2026-07-02 14:31:22.333259 - OCR completed. Merchant: BHAT- BHATENI SUPER MARKETINAXAL)
2026-07-02 14:33:15.980465 - Starting OCR for file: 3dcd1bb2-aab0-4ad5-aa39-391760b5213a.jpg
2026-07-02 14:33:25.107572 - OCR completed. Merchant: BIG MART
2026-07-02 14:35:15.229478 - Starting OCR for file: e73c5df8-63b4-487b-95be-801d4d0e423e.jpg
2026-07-02 14:35:25.058649 - OCR completed. Merchant: Brothers Auto Point Pvt. Ltd.
2026-07-02 15:17:54.052452 - Starting OCR for file: ddc37506-b8f1-411e-b818-393a0476a294.jpg
2026-07-02 15:17:55.713456 - Starting model initialization...
2026-07-02 15:18:07.610447 - Model initialization successful!
2026-07-02 15:18:20.809149 - OCR completed. Merchant: cheli bhansa ghar
2026-07-02 15:26:03.802743 - Starting OCR for file: 4784c1dd-41f8-4ff6-b317-77a0f62ee2eb.jpg
2026-07-02 15:26:24.069581 - OCR completed. Merchant: BIG MART
2026-07-02 15:31:44.586170 - Starting OCR for file: bc787d6e-2ae0-48a1-9039-97a26538c69c.jpg
2026-07-02 15:31:56.335485 - OCR completed. Merchant: cheli bhansa ghar
2026-07-02 15:58:07.544526 - Starting OCR for file: f6eb6225-80f2-434e-82fd-a9f71085c2d1.jpg
2026-07-02 15:58:08.611845 - Starting model initialization...
2026-07-02 15:58:18.612580 - Model initialization successful!
2026-07-02 15:58:35.478653 - OCR completed. Merchant: BIG MART
2026-07-02 15:59:12.224589 - Starting OCR for file: b7304965-5ee5-462e-9caf-3422ce029fd2.jpg
2026-07-02 15:59:24.947573 - OCR completed. Merchant: cheli bhansa ghar
2026-07-02 16:01:02.204063 - Starting OCR for file: 9d7c1c2d-ac8a-4408-a76e-ce81827bb8ec.jpg
2026-07-02 16:01:10.885582 - OCR completed. Merchant: KICK FUN WORLD PVILTD.
2026-07-02 16:02:06.735662 - Starting OCR for file: 9ea2ba3d-7f4c-4876-9cb8-f2b653133ee1.jpg
2026-07-02 16:02:16.118281 - OCR completed. Merchant: Brothers Auto Point Pvt. Ltd.
2026-07-02 16:02:57.361825 - Starting OCR for file: 23b85f29-40bd-4708-aec2-df4cfafd4314.jpg
2026-07-02 16:03:06.572944 - OCR completed. Merchant: Korean Restaurant
2026-07-02 16:08:21.337492 - Starting OCR for file: 3cf67400-f396-47cd-96bb-96049471ec6d.jpg
2026-07-02 16:08:21.601901 - Starting model initialization...
2026-07-02 16:08:31.498462 - Model initialization successful!
2026-07-02 16:08:45.010938 - OCR completed. Merchant: BIG MART
2026-07-02 16:10:02.663194 - Starting OCR for file: 20680865-39c6-4f06-8d75-816f56eb475f.jpg
2026-07-02 16:10:13.386868 - OCR completed. Merchant: BIG MART
2026-07-02 16:16:20.812892 - Starting OCR for file: 8934b97f-bf5a-4675-a3bb-e38f4329d4eb.jpg
2026-07-02 16:16:37.148992 - OCR completed. Merchant: cheli bhansa ghar
2026-07-02 16:25:52.481995 - Starting OCR for file: 5515167c-79da-4c1c-836d-67fe054d7ea0.jpg
2026-07-02 16:25:53.515018 - Starting model initialization...
2026-07-02 16:26:03.800147 - Model initialization successful!
2026-07-02 16:26:19.970233 - OCR completed. Merchant: cheli bhansa ghar
2026-07-02 16:26:38.502642 - Starting OCR for file: c23c3484-3337-47f0-a265-cdf69ee67ad0.jpg
2026-07-02 16:26:50.703791 - OCR completed. Merchant: BIG MART
2026-07-02 16:27:07.651017 - Starting OCR for file: 4bfe89e9-bd55-4ed0-abf9-bac63e553c73.jpg
2026-07-02 16:27:18.497431 - OCR completed. Merchant: KICK FUN WORLD PVILTD.
2026-07-02 16:27:39.982411 - Starting OCR for file: 54e3b3a5-eb9b-4556-86ee-a5414f90c19e.jpg
2026-07-02 16:27:51.476074 - OCR completed. Merchant: BIG MART
2026-07-02 16:29:15.959008 - Starting OCR for file: 20a23e27-bb5b-4dbb-94f8-9f48b44688da.jpg
2026-07-02 16:29:25.259882 - OCR completed. Merchant: BHAT- BHATENI SUPER MARKETINAXAL)
2026-07-02 16:37:04.305673 - Starting OCR for file: 841413df-4754-472f-ad45-513b68b337cf.jpg
2026-07-02 16:37:06.262553 - Starting model initialization...
2026-07-02 16:37:13.405373 - Model initialization successful!
2026-07-02 16:37:23.093233 - OCR completed. Merchant: BHAT- BHATENI SUPER MARKETINAXAL)
2026-07-02 16:43:31.135870 - Starting OCR for file: 67f5b512-6723-456a-ac36-80495696ac57.jpg
2026-07-02 16:43:44.741987 - OCR completed. Merchant: Brothers Auto Point Pvt. Ltd.
2026-07-02 16:52:12.960097 - Starting OCR for file: 0cd27e0f-dce9-421c-87db-63fb39307270.jpg
2026-07-02 16:52:13.449815 - Starting model initialization...
2026-07-02 16:52:20.241156 - Model initialization successful!
2026-07-02 16:52:32.580197 - OCR completed. Merchant: Brothers Auto Point Pvt. Ltd.
2026-07-02 16:52:51.465914 - Starting OCR for file: 112f2ce2-5624-4a88-b3bc-35a14eb0121d.jpg
2026-07-02 16:53:02.707157 - OCR completed. Merchant: Brothers Auto Point Pvt. Ltd.
2026-07-02 16:53:24.937474 - Starting OCR for file: c0db7536-7de3-4e4c-ae8c-ee86466aaca0.jpg
2026-07-02 16:53:33.576918 - OCR completed. Merchant: BHAT- BHATENI SUPER MARKETINAXAL)
2026-07-02 16:58:56.901180 - Starting OCR for file: 72d4921e-4f41-4c95-8857-f4bd5ab2a283.jpg
2026-07-02 16:58:57.440220 - Starting model initialization...
2026-07-02 16:59:04.988450 - Model initialization successful!
2026-07-02 16:59:18.837488 - OCR completed. Merchant: BHAT- BHATENI SUPER MARKETINAXAL)
2026-07-02 16:59:30.988945 - Starting OCR for file: 770c60cc-a43e-4d56-a472-c643a21d9aaa.jpg
2026-07-02 16:59:42.372941 - WARNING: Extracted amount $600,450.00 exceeds maximum. Capping at $100,000.00
2026-07-02 16:59:42.378918 - OCR completed. Merchant: Brothers Auto Point Pvt. Ltd.
2026-07-02 16:59:50.527045 - Starting OCR for file: b20bfea9-fd80-4ff6-a987-c2e2142b582c.jpg
2026-07-02 17:00:02.101107 - OCR completed. Merchant: BIG MART
2026-07-02 17:00:10.359694 - Starting OCR for file: a303ef0f-d8a6-44d5-9d68-bc07fc091f0a.jpg
2026-07-02 17:00:21.269612 - OCR completed. Merchant: cheli bhansa ghar
2026-07-02 17:11:53.939441 - Starting OCR for file: 2f27014d-508e-447c-9228-3b519f97c09d.jpg
2026-07-02 17:11:54.768094 - Starting model initialization...
2026-07-02 17:12:06.219191 - Model initialization successful!
2026-07-02 17:12:21.307404 - OCR completed. Merchant: Brothers Auto Point Pvt. Ltd.
2026-07-02 17:12:58.613583 - Starting OCR for file: 5a0266a8-7bfa-4fae-9ae3-8e0a7c1aa624.jpg
2026-07-02 17:13:10.268126 - OCR completed. Merchant: BHAT- BHATENI SUPER MARKETINAXAL)
2026-07-02 17:13:32.679004 - Starting OCR for file: 45a688e6-6599-4a72-a6fc-5c7dcbe6fa68.jpg
2026-07-02 17:13:44.281055 - OCR completed. Merchant: Alico Conforance Pyt. Lt
2026-07-02 17:14:53.028536 - Starting OCR for file: 355f1f69-e6ca-4550-afbf-a99ea63b726c.jpg
2026-07-02 17:15:04.497039 - OCR completed. Merchant: Netfiniti Pvt, Lid.
2026-07-02 17:18:24.599712 - Starting OCR for file: 4e5112d5-773a-4b60-8fb2-db7af3ff13a8.jpg
2026-07-02 17:18:24.795136 - Handwritten detection: True
2026-07-02 17:18:24.913838 - Starting model initialization...
2026-07-02 17:18:29.902633 - Model initialization successful!
2026-07-02 17:18:36.888597 - OCR completed. Merchant: Netfiniti Pvt, Lid.
2026-07-02 17:20:12.357975 - Starting OCR for file: 5f866d04-e904-46fa-8649-9cb38e0cebdd.jpg
2026-07-02 17:20:12.638939 - Handwritten detection: True
2026-07-02 17:20:21.762548 - OCR completed. Merchant: Netfiniti Pvt, Lid.
2026-07-02 17:20:38.304370 - Starting OCR for file: 3630dead-a664-43ef-b382-3b8c91924f21.jpg
2026-07-02 17:20:39.472227 - Handwritten detection: True
2026-07-02 17:20:49.761298 - OCR completed. Merchant: BIG MART
2026-07-02 17:21:21.881719 - Starting OCR for file: 5ba2c229-f1a9-4a4a-acc2-df3454a9106c.jpg
2026-07-02 17:21:21.976524 - Handwritten detection: True
2026-07-02 17:21:30.482353 - OCR completed. Merchant: New Chong Quing Wei Restaurant
2026-07-02 17:22:08.164602 - Starting OCR for file: 487b6103-184f-4c83-bf65-1a9640458b34.jpg
2026-07-02 17:22:08.275257 - Handwritten detection: True
2026-07-02 17:22:17.794419 - OCR completed. Merchant: chell bhansa ghar
2026-07-02 17:23:26.447016 - Starting OCR for file: 979e0ece-b2b4-4bcb-82cf-38853e024087.jpg
2026-07-02 17:23:26.596064 - Handwritten detection: True
2026-07-02 17:23:35.271646 - OCR completed. Merchant: BIG MART
2026-07-02 17:23:40.883587 - Starting OCR for file: 9ab0b267-6791-49be-8e8d-b9ae27febad2.jpg
2026-07-02 17:23:40.928409 - Handwritten detection: True
2026-07-02 17:23:51.995031 - OCR completed. Merchant: BUKMATT 11, IATIPUR
2026-07-02 17:24:26.269396 - Starting OCR for file: b02b0af2-f176-4746-9d2e-e1ba73ce4779.jpg
2026-07-02 17:24:26.402357 - Handwritten detection: True
2026-07-02 17:24:36.323841 - OCR completed. Merchant: chell bhansa ghar
2026-07-02 17:29:44.755565 - Starting OCR for file: 8909192d-b5fb-4d66-bd19-cab523a9d865.jpg
2026-07-02 17:29:45.332285 - Handwritten detection: True
2026-07-02 17:29:45.456713 - Starting model initialization...
2026-07-02 17:29:53.260738 - Model initialization successful!
2026-07-02 17:30:05.747686 - OCR completed. Merchant: BUKMATT 11, IATIPUR
2026-07-02 17:30:18.665323 - Starting OCR for file: 78e65404-9700-43af-aad7-e2f9f00cbdd1.jpg
2026-07-02 17:30:18.920567 - Handwritten detection: True
2026-07-02 17:30:29.240986 - OCR completed. Merchant: chell bhansa ghar
2026-07-02 17:30:58.191416 - Starting OCR for file: 87a57ac3-0b72-4426-90aa-0c2e1d0e0160.jpg
2026-07-02 17:30:58.713984 - Handwritten detection: True
2026-07-02 17:31:11.733581 - OCR completed. Merchant: Saleways Cash & Carty Fvi. LW.
2026-07-02 17:31:15.848286 - Starting OCR for file: 1c3b2569-297e-487b-8833-02a2f0548707.jpg
2026-07-02 17:31:16.031778 - Handwritten detection: True
2026-07-02 17:31:28.914082 - OCR completed. Merchant: Brothers Auto Point Pvt. Ltd.
2026-07-02 17:31:45.136238 - Starting OCR for file: 32b481c7-79e5-40c3-8eb7-5926ff4b875b.jpg
2026-07-02 17:31:45.223447 - Handwritten detection: True
2026-07-02 17:31:55.430490 - OCR completed. Merchant: DHAT- DIATENI SUPER MARKETINAXALY
2026-07-02 17:35:23.448234 - Starting OCR for file: 9be07691-af2e-41e9-8caf-99d09d0e8ce1.jpg
2026-07-02 17:35:23.830226 - Starting model initialization...
2026-07-02 17:35:30.454576 - Model initialization successful!
2026-07-02 17:35:41.858410 - OCR completed. Merchant: BHAT- BHATENI SUPER MARKETINAXAL)
2026-07-02 17:35:57.027494 - Starting OCR for file: 16fa172c-3a42-4555-bb88-5f34ce6cada7.jpg
2026-07-02 17:36:07.150066 - OCR completed. Merchant: cheli bhansa ghar
2026-07-02 17:36:42.098802 - Starting OCR for file: 058551f3-9e30-4e50-8507-46741976f902.jpg
2026-07-02 17:36:51.201285 - OCR completed. Merchant: New Chong Quing Wei Restaurant
2026-07-02 18:57:43.074154 - Starting OCR for file: f1bd3107-0389-4bf5-8ad7-fb034e8bf4e6.jpg
2026-07-02 18:57:44.711178 - Starting model initialization...
2026-07-02 18:57:59.244647 - Model initialization successful!
2026-07-02 18:58:12.221261 - OCR completed. Merchant: ESTIMATE
2026-07-02 18:58:54.420083 - Starting OCR for file: 0e44cb32-5e9c-4e55-9154-3073a399214c.jpg
2026-07-02 18:59:05.479352 - OCR completed. Merchant: Korean Restaurant
2026-07-02 18:59:53.540440 - Starting OCR for file: 44f15ea7-2a88-4d13-8621-8b2ebeb5fbc7.jpg
2026-07-02 19:00:03.343215 - OCR completed. Merchant: BHAT- BHATENI SUPER MARKETINAXAL)
